============================= test session starts =============================
platform win32 -- Python 3.13.3, pytest-8.3.5, pluggy-1.6.0 -- C:\Users\ancha\Documents\AI\pAIssive_income\.venv\Scripts\python.exe
cachedir: .pytest_cache
hypothesis profile 'default'
rootdir: C:\Users\ancha\Documents\projects\QuantChain
configfile: pytest.ini
plugins: anyio-4.9.0, hypothesis-6.131.31, langsmith-0.4.41, libtmux-0.39.0, asyncio-1.0.0, cov-7.0.0, mock-3.14.1, timeout-2.4.0, xdist-3.7.0
asyncio: mode=Mode.AUTO, asyncio_default_fixture_loop_scope=function, asyncio_default_test_loop_scope=function
collecting ... collected 1 item

tests/connectors/test_ib_async_execution.py::TestIBAsyncExecutionConnector::test_get_positions FAILED [100%]

================================== FAILURES ===================================
______________ TestIBAsyncExecutionConnector.test_get_positions _______________

self = <tests.connectors.test_ib_async_execution.TestIBAsyncExecutionConnector object at 0x0000027F57D975C0>

    async def test_get_positions(self):
        """Test retrieving positions."""
        connector = IBAsyncExecutionConnector(account="DU12345")
        connector._connected = True
    
        print(f"DEBUG: connector.ib type: {type(connector.ib)}")
        print(f"DEBUG: connector.ib.positionsAsync type: {type(connector.ib.positionsAsync)}")
    
        with patch.object(connector.ib, 'positionsAsync', new_callable=AsyncMock) as mock_positions:
            # Mock IB position
            mock_pos = MagicMock()
            mock_pos.contract.symbol = "AAPL"
            mock_pos.position = 100.0
            mock_pos.avgCost = 150.0
            mock_positions.return_value = [mock_pos]
    
            # Mock current price
            with patch.object(connector, '_get_current_price', new_callable=AsyncMock) as mock_price:
                mock_price.return_value = 160.0
    
>               positions = await connector.get_positions()
E               TypeError: object list can't be used in 'await' expression

tests\connectors\test_ib_async_execution.py:119: TypeError
---------------------------- Captured stdout call -----------------------------
DEBUG: connector.ib type: <class 'ib_async.IB'>
DEBUG: connector.ib.positionsAsync type: <class 'method'>
------------------------------ Captured log call ------------------------------
WARNING  quantchain.connectors.ib_async_execution:ib_async_execution.py:125 Could not setup all event handlers: unsupported operand type(s) for +=: 'NoneType' and 'method'
=========================== short test summary info ===========================
FAILED tests/connectors/test_ib_async_execution.py::TestIBAsyncExecutionConnector::test_get_positions - TypeError: object list can't be used in 'await' expression
============================== 1 failed in 1.50s ==============================
